Warning: You are sending unauthenticated requests to the HF Hub. Please set a HF_TOKEN to enable higher rate limits and faster downloads.
Loading weights:   0%|          | 0/103 [00:00<?, ?it/s]Loading weights: 100%|##########| 103/103 [00:00<00:00, 1528.03it/s]
INFO:     Started server process [18492]
INFO:     Waiting for application startup.
INFO:athena.api.app:Athena data directory initialised: C:\Users\jmlus\athena\company\athena
ERROR:    Traceback (most recent call last):
  File "C:\Users\jmlus\athena\backend\src\athena\api\app.py", line 179, in _acquire_instance_lock
    lock.acquire()
  File "C:\Users\jmlus\athena\backend\.venv\Lib\site-packages\filelock\_api.py", line 1071, in acquire
    self._poll_until_acquired(
  File "C:\Users\jmlus\athena\backend\.venv\Lib\site-packages\filelock\_api.py", line 1246, in _poll_until_acquired
    raise Timeout(lock_filename)
filelock._error.Timeout: The file lock 'C:\Users\jmlus\athena\company\athena\athena_instance.lock' could not be acquired.

The above exception was the direct cause of the following exception:

Traceback (most recent call last):
  File "C:\Users\jmlus\athena\backend\.venv\Lib\site-packages\starlette\routing.py", line 654, in lifespan
    async with self.lifespan_context(app) as maybe_state:
               ^^^^^^^^^^^^^^^^^^^^^^^^^^
  File "C:\Program Files\Python312\Lib\contextlib.py", line 210, in __aenter__
    return await anext(self.gen)
           ^^^^^^^^^^^^^^^^^^^^^
  File "C:\Users\jmlus\athena\backend\.venv\Lib\site-packages\fastapi\routing.py", line 240, in merged_lifespan
    async with original_context(app) as maybe_original_state:
               ^^^^^^^^^^^^^^^^^^^^^
  File "C:\Program Files\Python312\Lib\contextlib.py", line 210, in __aenter__
    return await anext(self.gen)
           ^^^^^^^^^^^^^^^^^^^^^
  File "C:\Users\jmlus\athena\backend\.venv\Lib\site-packages\fastapi\routing.py", line 240, in merged_lifespan
    async with original_context(app) as maybe_original_state:
               ^^^^^^^^^^^^^^^^^^^^^
  File "C:\Program Files\Python312\Lib\contextlib.py", line 210, in __aenter__
    return await anext(self.gen)
           ^^^^^^^^^^^^^^^^^^^^^
  File "C:\Users\jmlus\athena\backend\.venv\Lib\site-packages\fastapi\routing.py", line 240, in merged_lifespan
    async with original_context(app) as maybe_original_state:
               ^^^^^^^^^^^^^^^^^^^^^
  File "C:\Program Files\Python312\Lib\contextlib.py", line 210, in __aenter__
    return await anext(self.gen)
           ^^^^^^^^^^^^^^^^^^^^^
  File "C:\Users\jmlus\athena\backend\src\athena\api\app.py", line 211, in _lifespan
    instance_lock = _acquire_instance_lock(data_root)
                    ^^^^^^^^^^^^^^^^^^^^^^^^^^^^^^^^^
  File "C:\Users\jmlus\athena\backend\src\athena\api\app.py", line 182, in _acquire_instance_lock
    raise RuntimeError(
RuntimeError: Another Athena instance (pid=30296) already owns C:\Users\jmlus\athena\company\athena. Stop it first, set ATHENA_ALLOW_MULTIPLE_INSTANCES=true, or point ATHENA_DATA_DIR elsewhere.

ERROR:    Application startup failed. Exiting.
